
[1m[46m RUN [49m[22m [36mv4.1.0 [39m[90mE:/work/desktop-canvas[39m

 [32mΓ£ô[39m src/InfiniteCanvas.test.tsx[2m > [22mInfiniteCanvas Application[2m > [22mpans the canvas on middle click + drag[32m 27[2mms[22m[39m
 [32mΓ£ô[39m src/InfiniteCanvas.test.tsx[2m > [22mInfiniteCanvas Application[2m > [22mcreates and sizes a selection box on left click + drag[32m 5[2mms[22m[39m
 [31m├ù[39m src/InfiniteCanvas.test.tsx[2m > [22mInfiniteCanvas Application[2m > [22mMedia Item Interactions[2m > [22mresizes the image back to correct aspect ratio on rescale button click[32m 23[2mms[22m[39m
[31m   ΓåÆ expected '1280px' to be '1380px' // Object.is equality[39m
 [32mΓ£ô[39m src/InfiniteCanvas.test.tsx[2m > [22mInfiniteCanvas Application[2m > [22mMedia Item Interactions[2m > [22mdeletes the media item on delete button click[32m 28[2mms[22m[39m

[2m Test Files [22m [1m[31m1 failed[39m[22m[90m (1)[39m
[2m      Tests [22m [1m[31m1 failed[39m[22m[2m | [22m[1m[32m3 passed[39m[22m[90m (4)[39m
[2m     Errors [22m [1m[31m3 errors[39m[22m
[2m   Start at [22m 19:46:06
[2m   Duration [22m 750ms[2m (transform 48ms, setup 50ms, import 86ms, tests 84ms, environment 436ms)[22m

